// Jest Snapshot v1, https://goo.gl/fbAQLP

exports[`[object Object] render renders w/o crashing 1`] = `
<div>
  <form
    onSubmit={[Function]}
    style={
      Object {
        "backgroundColor": "green",
      }
    }
  >
    <input
      name="name"
      onChange={[Function]}
      placeholder="Add Item"
      required={true}
      value=""
    />
  </form>
  <hr />
  <ul />
</div>
`;
